> Task :app:checkKotlinGradlePluginConfigurationErrors SKIPPED
> Task :app:preBuild UP-TO-DATE
> Task :app:preDebugBuild UP-TO-DATE
> Task :app:generateDebugBuildConfig UP-TO-DATE
> Task :app:checkDebugAarMetadata UP-TO-DATE
> Task :app:generateDebugResValues UP-TO-DATE
> Task :app:processDebugGoogleServices UP-TO-DATE
> Task :app:mapDebugSourceSetPaths UP-TO-DATE
> Task :app:generateDebugResources UP-TO-DATE
> Task :app:mergeDebugResources UP-TO-DATE
> Task :app:packageDebugResources UP-TO-DATE
> Task :app:parseDebugLocalResources UP-TO-DATE
> Task :app:createDebugCompatibleScreenManifests UP-TO-DATE
> Task :app:extractDeepLinksDebug UP-TO-DATE
> Task :app:processDebugMainManifest UP-TO-DATE
> Task :app:processDebugManifest UP-TO-DATE
> Task :app:processDebugManifestForPackage UP-TO-DATE
> Task :app:processDebugResources UP-TO-DATE
> Task :app:kspDebugKotlin UP-TO-DATE
> Task :app:compileDebugKotlin
.\gradlew.bat : e: file:///C:/Users/Aasav/StayBuddy/app/src/main/java/com/example/staybuddy/ui/naviga
tion/NavGraph.kt:257:13 Unresolved reference 'CompatibilityQuizScreen'.
At line:1 char:1
+ .\gradlew.bat compileDebugKotlin 2>&1 | Out-File -Encoding utf8 build ...
+ ~~~~~~~~~~~~~~~~~~~~~~~~~~~~~~~~~~~~~
    + CategoryInfo          : NotSpecified: (e: file:///C:/U...ityQuizScreen'.:String) [], RemoteExc 
   eption
    + FullyQualifiedErrorId : NativeCommandError
 
e: file:///C:/Users/Aasav/StayBuddy/app/src/main/java/com/example/staybuddy/ui/screens/profile/Compat
ibilityQuizScreen.kt:21:39 Unresolved reference 'RoyalBlue'.
e: file:///C:/Users/Aasav/StayBuddy/app/src/main/java/com/example/staybuddy/ui/screens/profile/Compat
ibilityQuizScreen.kt:22:39 Unresolved reference 'SoftOffWhite'.
e: file:///C:/Users/Aasav/StayBuddy/app/src/main/java/com/example/staybuddy/ui/screens/profile/Compat
ibilityQuizScreen.kt:61:72 Unresolved reference 'SoftOffWhite'.
e: file:///C:/Users/Aasav/StayBuddy/app/src/main/java/com/example/staybuddy/ui/screens/profile/Compat
ibilityQuizScreen.kt:71:25 Unresolved reference 'RoyalBlue'.
e: file:///C:/Users/Aasav/StayBuddy/app/src/main/java/com/example/staybuddy/ui/screens/profile/Compat
ibilityQuizScreen.kt:72:30 Unresolved reference 'RoyalBlue'.
e: file:///C:/Users/Aasav/StayBuddy/app/src/main/java/com/example/staybuddy/ui/screens/profile/Compat
ibilityQuizScreen.kt:105:51 Unresolved reference 'RoyalBlue'.
e: file:///C:/Users/Aasav/StayBuddy/app/src/main/java/com/example/staybuddy/ui/screens/profile/Compat
ibilityQuizScreen.kt:178:36 Unresolved reference 'RoyalBlue'.
e: file:///C:/Users/Aasav/StayBuddy/app/src/main/java/com/example/staybuddy/ui/screens/profile/Profil
eScreen.kt:179:53 Unresolved reference 'navController'.
e: file:///C:/Users/Aasav/StayBuddy/app/src/main/java/com/example/staybuddy/ui/screens/profile/Profil
eScreen.kt:179:76 Unresolved reference 'Screen'.
e: file:///C:/Users/Aasav/StayBuddy/app/src/main/java/com/example/staybuddy/ui/screens/roommate/Compa
tibilityQuizScreen.kt:42:13 This material API is experimental and is likely to change or to be 
removed in the future.
e: file:///C:/Users/Aasav/StayBuddy/app/src/main/java/com/example/staybuddy/ui/screens/roommate/Compa
tibilityQuizScreen.kt:55:26 This material API is experimental and is likely to change or to be 
removed in the future.
e: file:///C:/Users/Aasav/StayBuddy/app/src/main/java/com/example/staybuddy/ui/screens/roommate/Compa
tibilityQuizScreen.kt:55:44 This material API is experimental and is likely to change or to be 
removed in the future.
e: file:///C:/Users/Aasav/StayBuddy/app/src/main/java/com/example/staybuddy/ui/screens/roommate/Compa
tibilityQuizViewModel.kt:6:46 Unresolved reference 'UserRepository'.
e: file:///C:/Users/Aasav/StayBuddy/app/src/main/java/com/example/staybuddy/ui/screens/roommate/Compa
tibilityQuizViewModel.kt:75:47 No parameter with name 'quizResults' found.
e: file:///C:/Users/Aasav/StayBuddy/app/src/main/java/com/example/staybuddy/ui/screens/roommate/Compa
tibilityQuizViewModel.kt:76:36 Unresolved reference 'updateUserInfo'.
e: file:///C:/Users/Aasav/StayBuddy/app/src/main/java/com/example/staybuddy/ui/screens/roommate/Compa
tibilityQuizViewModel.kt:76:64 Cannot infer type for this parameter. Please specify it explicitly.
e: file:///C:/Users/Aasav/StayBuddy/app/src/main/java/com/example/staybuddy/ui/screens/roommate/Compa
tibilityQuizViewModel.kt:76:74 Cannot infer type for this parameter. Please specify it explicitly.
e: file:///C:/Users/Aasav/StayBuddy/app/src/main/java/com/example/staybuddy/ui/screens/roommate/Roomm
ateListScreen.kt:180:96 Unresolved reference 'quizResults'.
e: file:///C:/Users/Aasav/StayBuddy/app/src/main/java/com/example/staybuddy/ui/screens/roommate/Roomm
ateListScreen.kt:229:21 Unresolved reference 'Brush'.
e: file:///C:/Users/Aasav/StayBuddy/app/src/main/java/com/example/staybuddy/ui/screens/roommate/Roomm
ateListScreen.kt:241:53 Unresolved reference 'CheckCircle'.
e: file:///C:/Users/Aasav/StayBuddy/app/src/main/java/com/example/staybuddy/ui/screens/roommate/Roomm
ateListScreen.kt:270:40 Unresolved reference 'ArrowForward'.
e: file:///C:/Users/Aasav/StayBuddy/app/src/main/java/com/example/staybuddy/ui/screens/roommate/Roomm
ateListScreen.kt:362:57 Unresolved reference 'Check'.
e: file:///C:/Users/Aasav/StayBuddy/app/src/main/java/com/example/staybuddy/ui/screens/roommate/Roomm
ateListViewModel.kt:84:46 Unresolved reference 'quizResults'.
e: file:///C:/Users/Aasav/StayBuddy/app/src/main/java/com/example/staybuddy/ui/screens/roommate/Roomm
ateListViewModel.kt:95:87 Unresolved reference 'quizResults'.

> Task :app:compileDebugKotlin FAILED

FAILURE: Build failed with an exception.

* What went wrong:
Execution failed for task ':app:compileDebugKotlin'.
> A failure occurred while executing 
org.jetbrains.kotlin.compilerRunner.GradleCompilerRunnerWithWorkers$GradleKotlinCompilerWorkAction
   > Compilation error. See log for more details

* Try:
> Run with --stacktrace option to get the stack trace.
> Run with --info or --debug option to get more log output.
> Run with --scan to get full insights.
> Get more help at https://help.gradle.org.

BUILD FAILED in 1m 29s
17 actionable tasks: 1 executed, 16 up-to-date
